This is pdfTeX, Version 3.141592653-2.6-1.40.29 (MiKTeX 26.5) (preloaded format=latex 2026.9.6)  6 SEP 2026 17:18
entering extended mode
 restricted \write18 enabled.
 %&-line parsing enabled.
**./00_acknowledgements.tex
(00_acknowledgements.tex
LaTeX2e <2026-06-01>
L3 programming layer <2026-07-20>

! LaTeX Error: Environment acknowledgments undefined.

See the LaTeX manual or LaTeX Companion for explanation.
Type  H <return>  for immediate help.
 ...                                              
                                                  
l.1 \begin{acknowledgments}
                           
? latexmk -pdf FinalManuscript.tex
Type <return> to proceed, S to scroll future error messages,
R to run without stopping, Q to run quietly,
I to insert something, E to edit your file,
1 or ... or 9 to ignore the next 1 to 9 tokens of input,
H for help, X to quit.
? latexmk -pdf FinalManuscript.tex
Type <return> to proceed, S to scroll future error messages,
R to run without stopping, Q to run quietly,
I to insert something, E to edit your file,
1 or ... or 9 to ignore the next 1 to 9 tokens of input,
H for help, X to quit.
? x
 
Here is how much of TeX's memory you used:
 17 strings out of 467502
 613 string characters out of 5409063
 435377 words of memory out of 5000000
 29363 multiletter control sequences out of 15000+600000
 627721 words of font info for 40 fonts, out of 8000000 for 9000
 1141 hyphenation exceptions out of 8191
 12i,0n,13p,85b,16s stack positions out of 10000i,1000n,20000p,200000b,200000s
No pages of output.
