This is pdfTeX, Version 3.141592653-2.6-1.40.29 (MiKTeX 26.5) (preloaded format=latex 2026.9.6)  6 SEP 2026 17:21
entering extended mode
 restricted \write18 enabled.
 %&-line parsing enabled.
**./01_introduction_00.tex
(01_introduction_00.tex
LaTeX2e <2026-06-01>
L3 programming layer <2026-07-20>
! Undefined control sequence.
l.1 \chapter
            {INTRODUCTION}
? help
The control sequence at the end of the top line
of your error message was never \def'ed. If you have
misspelled it (e.g., `\hobx'), type `I' and the correct
spelling (e.g., `I\hbox'). Otherwise just continue,
and I'll forget about whatever was undefined.

? H
Sorry, I already gave what help I could...
Maybe you should try asking a human?
An error might have occurred before I noticed any problems.
``If all else fails, read the instructions.''

? 